// Jest Snapshot v1, https://goo.gl/fbAQLP

exports[`test mail page test data snapshot match 1`] = `
<div
  className="container"
>
  <div
    className="title"
  >
    <span
      className="crimson"
    >
      My
    </span>
    Mail
  </div>
  <div
    className="nav"
  >
    <SelectCheckbox
      checkHandler={[Function]}
      checked={false}
    />
    <DeleteButton
      clickHandler={[Function]}
    />
  </div>
  <Letters
    letters={
      Array [
        Object {
          "avatar": "http://i.pravatar.cc/300?u=1",
          "id": 1,
          "sender": "Бединге",
          "snippet": "Люди всё время меня спрашивают: знаю ли я Тайлера Дёрдена?",
          "theme": "Carolina Hurricanes",
        },
        Object {
          "avatar": "http://i.pravatar.cc/300?u=2",
          "id": 2,
          "sender": "Лиаторп",
          "snippet": "Шесть месяцев я не мог спать. Когда у тебя бессонница — всё нереально; всё очень далеко от тебя, всё это — копия, снятая с копии, которая в свою очередь снята с копии.",
          "theme": "Columbus Blue Jackets",
        },
        Object {
          "avatar": "http://i.pravatar.cc/300?u=3",
          "id": 3,
          "sender": "Хемнэс",
          "snippet": "Когда-то мы зачитывались порнографией — теперь каталогами IKEA.",
          "theme": "New Jersey Devils",
        },
      ]
    }
    selectHandler={[Function]}
  />
</div>
`;
